// Jest Snapshot v1, https://goo.gl/fbAQLP

exports[`NewsContainer should match the snapshot 1`] = `
<section>
  <NewsArticle
    description="A North Carolina man has died after getting an infection often associated with shellfish, state health officials say."
    headline="Man dies after getting infection linked to shellfish, North Carolina officials say"
    image="https://www.newsobserver.com/entertainment/restaurants/o6w6n7/picture184859643/alternates/FREE_768/MAIN%20OPTION%202:%20OYSTERS"
    key="1"
    url="https://www.bnd.com/news/nation-world/national/article235549897.html"
  />
  <NewsArticle
    description="U.S. health officials, including Health and Human Services Secretary Alex Azar, are encouraging Americans to get their flu shots early this year."
    headline="Azar, other health officials press people to get flu shots early"
    image="https://thehill.com/sites/default/files/styles/thumb_small_article/public/flu_012918getty.jpg?itok=1dygJH3l"
    key="2"
    url="https://thehill.com/homenews/news/463354-azar-other-public-health-officials-press-people-to-get-flu-shots-early"
  />
</section>
`;
