// Jest Snapshot v1, https://goo.gl/fbAQLP

exports[`NewsArticle should match the snapshot with all data passed in correctly 1`] = `
<article>
  <img
    alt=""
  />
  <h3>
    The Who postpones Denver Concert at the Pepsi Center
  </h3>
  <p>
    Classic-rock band The Who has postponed its Denver concert, set for Sunday, Sept. 29, after an illness robbed singer Roger Daltrey of his voice, the band said on Twitter.
  </p>
  <footer>
    <a
      href="https://theknow.denverpost.com/2019/09/27/the-who-postpones-denver-concert/225182/"
    >
      See full article
    </a>
  </footer>
</article>
`;
